<html>
<body>
<pre>
<h1>礦ision Build Log</h1>
<h2>Tool Versions:</h2>
IDE-Version: μVision V5.15
Copyright (C) 2015 ARM Ltd and ARM Germany GmbH. All rights reserved.
License Information:  ,  , LIC=Z3C63-ADLIY-35YTX-H5TJI-BMK3Y-939VY
 
Tool Versions:
Toolchain:       MDK-ARM Professional  Version: 5.15.0
Toolchain Path:  E:\keil5 MDK\ARM\ARMCC\Bin
C Compiler:      Armcc.exe V5.05 update 2 (build 169)
Assembler:       Armasm.exe V5.05 update 2 (build 169)
Linker/Locator:  ArmLink.exe V5.05 update 2 (build 169)
Library Manager: ArmAr.exe V5.05 update 2 (build 169)
Hex Converter:   FromElf.exe V5.05 update 2 (build 169)
CPU DLL:         SARMCM3.DLL V5.15.0
Dialog DLL:      DCM.DLL V1.13.2.0
Target DLL:      UL2CM3.DLL V1.155.8.0
Dialog DLL:      TCM.DLL V1.14.5.0
 
<h2>Project:</h2>
E:\stm32test\FreeRTOS任务延时链表\Project\FreeRTOS.uvprojx
Project File Date:  09/08/2022

<h2>Output:</h2>
*** Using Compiler 'V5.05 update 2 (build 169)', folder: 'E:\keil5 MDK\ARM\ARMCC\Bin'
Build target 'Target 1'
compiling main.c...
compiling port.c...
compiling list.c...
compiling task.c...
..\Freertos\task.c(346): warning:  #550-D: variable "pxTCB" was set but never used
        TCB_t *pxTCB = NULL;
..\Freertos\task.c(13): warning:  #550-D: variable "xIdleTaskHandle" was set but never used
  static TaskHandle_t xIdleTaskHandle                                   = NULL;
..\Freertos\task.c: 2 warnings, 0 errors
linking...
Program Size: Code=2152 RO-data=224 RW-data=64 ZI-data=5296  
".\Objects\FreeRTOS.axf" - 0 Error(s), 2 Warning(s).

<h2>Software Packages used:</h2>

Package Vendor: ARM
                http://www.keil.com/pack/ARM.CMSIS.4.3.0.pack
                ARM::CMSIS:CORE:4.1.0
                CMSIS (Cortex Microcontroller Software Interface Standard)
   * Component: CORE Version: 4.1.0
   * Component: Startup Version: 1.0.1

<h2>Collection of Component include folders:</h2>
  E:\stm32test\FreeRTOS任务延时链表\Project\RTE
  E:\keil5 MDK\ARM\PACK\ARM\CMSIS\4.3.0\CMSIS\Include
  E:\keil5 MDK\ARM\PACK\ARM\CMSIS\4.3.0\Device\ARM\ARMCM3\Include

<h2>Collection of Component Files used:</h2>

   * Component: ARM::CMSIS:CORE:4.1.0

   * Component: ARM::Device:Startup:1.0.1
      Source file:   Device\ARM\ARMCM3\Source\system_ARMCM3.c
      Source file:   Device\ARM\ARMCM3\Source\ARM\startup_ARMCM3.s
      Include file:  Device\ARM\ARMCM3\Include\ARMCM3.h
</pre>
</body>
</html>
